// Jest Snapshot v1, https://goo.gl/fbAQLP

exports[`end-to-end integration prints help message when --help option is passed 1`] = `
"Usage: index.js --input <filename>  [-s <css-link>] [-l <lang-code>]

Options:
  -i, --input       .txt or .md file name                                [array]
  -c, --config      configuration file                     [array] [default: \\"\\"]
  -a, --assets      path to assets folder                  [array] [default: \\"\\"]
  -s, --stylesheet  css link                                            [string]
  -l, --lang        language used in HTML                               [string]
  -v, --version     Show version number                                [boolean]
  -h, --help        Show help                                          [boolean]"
`;

exports[`end-to-end integration prints version when --version option is passed 1`] = `"ssg-cli 1.0.0"`;
